[votesaveamerica.com/candidate/donald-trump/index.html]
[www.klaviyo.com/media/js/public/klaviyo_subscribe.js]
[static.klaviyo.com/onsite/js/klaviyo0b0c.js]
[backblue.gif]
[fade.gif]
[index.html]
[votesaveamerica.com/wp-content/plugins/complianz-gdpr-premium/assets/css/cookieblocker.min54ab.css]
[votesaveamerica.com/wp-content/themes/vsa/compiled/main3739.css]
[app.votesaveamerica.civicengine.com/embed.js]
[app.votesaveamerica.civicengine.com/embed.css]
[res.cloudinary.com/crooked-media/images/w_32,h_32,c_scale/f_auto,q_auto/v1642465073/cropped-favicon/cropped-favicon-32x32d0f5.png]
[res.cloudinary.com/crooked-media/images/w_192,h_192,c_scale/f_auto,q_auto/v1642465073/cropped-favicon/cropped-favicon-192x192d0f5.png]
[res.cloudinary.com/crooked-media/images/w_180,h_180,c_scale/f_auto,q_auto/v1642465073/cropped-favicon/cropped-favicon-180x180d0f5.png]
[res.cloudinary.com/crooked-media/image/upload/f_auto,q_auto/c_scale,w_1,h_1/v1579632526/VSA-Candidate-Detail-Hero-Trump_Background_jdjczu.png]
[votesaveamerica.com/wp-content/themes/vsa/compiled/js/app3739.js]
[votesaveamerica.com/wp-content/plugins/complianz-gdpr-premium/cookiebanner/js/complianz.min54ab.js]
[votesaveamerica.com/candidate/donald-trump/index.html]
[votesaveamerica.com/wp-content/plugins/complianz-gdpr-premium/assets/css/cookieblocker.min54ab.css]
[acsbapp.com/apps/app/dist/js/app.js]
[votesaveamerica.com/wp-content/themes/vsa/images/gradient-mobile.png]
[votesaveamerica.com/wp-content/themes/vsa/images/gradient-desktop-darker.png]
[votesaveamerica.com/wp-content/themes/vsa/images/graphic-line-red.png]
[votesaveamerica.com/wp-content/themes/vsa/images/graphic-drawn-circle.png]
[votesaveamerica.com/wp-content/themes/vsa/images/rainbow-strip-small.png]
[votesaveamerica.com/wp-content/themes/vsa/images/rainbow-strip-large.png]
[votesaveamerica.com/wp-content/themes/vsa/images/footer_strip-mm.png]
[votesaveamerica.com/wp-content/themes/vsa/compiled/main3739.css]
[app.votesaveamerica.civicengine.com/embed.css]
[votesaveamerica.com/candidate/donald-trump/Trident/index.html]
[votesaveamerica.com/candidate/donald-trump/Edge/index.html]
[votesaveamerica.com/candidate/donald-trump/Gecko/index.html]
[votesaveamerica.com/candidate/donald-trump/document.16.delayed]
[votesaveamerica.com/wp-content/themes/vsa/compiled/js/app3739.js]
[votesaveamerica.com/candidate/donald-trump/Firefox/index.html]
[votesaveamerica.com/candidate/donald-trump/Version/index.html]
[votesaveamerica.com/candidate/donald-trump/version/index-2.html]
[votesaveamerica.com/candidate/donald-trump/; path=/index.html]
[votesaveamerica.com/candidate/donald-trump/+src+]
[votesaveamerica.com/candidate/donald-trump/window.location.href]
[votesaveamerica.com/candidate/donald-trump/POST]
[votesaveamerica.com/wp-content/plugins/complianz-gdpr-premium/cookiebanner/js/complianz.min54ab.js]
[www.googletagmanager.com/gtm5445.html]
[votesaveamerica.com/candidate/donald-trump/Trident/index.html]
[votesaveamerica.com/candidate/donald-trump/Edge/index.html]
[votesaveamerica.com/candidate/donald-trump/Gecko/index.html]
[votesaveamerica.com/candidate/donald-trump/Firefox/index.html]
[votesaveamerica.com/candidate/donald-trump/Version/index.html]
[votesaveamerica.com/candidate/donald-trump/version/index-2.html]
[votesaveamerica.com/candidate/donald-trump/; path=/index.html]
[votesaveamerica.com/candidate/donald-trump/document.html]
[votesaveamerica.com/candidate/donald-trump/+src+.html]
[votesaveamerica.com/candidate/donald-trump/window.location.html]
[votesaveamerica.com/candidate/donald-trump/POST.html]
